
Discarded input sections

 .group         0x00000000        0xc build/main.o
 .group         0x00000000        0xc build/main.o
 .group         0x00000000        0xc build/main.o
 .text          0x00000000        0x0 build/main.o
 .data          0x00000000        0x0 build/main.o
 .bss           0x00000000        0x0 build/main.o
 .text          0x00000000        0x0 build/startup_stm32f103.o
 .data          0x00000000        0x0 build/startup_stm32f103.o
 .bss           0x00000000        0x0 build/startup_stm32f103.o

Memory Configuration

Name             Origin             Length             Attributes
FLASH            0x08000000         0x00010000         xr
RAM              0x20000000         0x00005000         xrw
*default*        0x00000000         0xffffffff

Linker script and memory map

LOAD build/main.o
LOAD build/startup_stm32f103.o
START GROUP
LOAD /usr/lib/gcc/arm-none-eabi/13.2.1/thumb/v7-m/nofp/libgcc.a
LOAD /usr/lib/gcc/arm-none-eabi/13.2.1/../../../arm-none-eabi/lib/thumb/v7-m/nofp/libc_nano.a
END GROUP
START GROUP
LOAD /usr/lib/gcc/arm-none-eabi/13.2.1/thumb/v7-m/nofp/libgcc.a
LOAD /usr/lib/gcc/arm-none-eabi/13.2.1/../../../arm-none-eabi/lib/thumb/v7-m/nofp/libc_nano.a
LOAD /usr/lib/gcc/arm-none-eabi/13.2.1/../../../arm-none-eabi/lib/thumb/v7-m/nofp/libnosys.a
END GROUP
START GROUP
LOAD /usr/lib/gcc/arm-none-eabi/13.2.1/thumb/v7-m/nofp/libgcc.a
LOAD /usr/lib/gcc/arm-none-eabi/13.2.1/../../../arm-none-eabi/lib/thumb/v7-m/nofp/libc_nano.a
LOAD /usr/lib/gcc/arm-none-eabi/13.2.1/../../../arm-none-eabi/lib/thumb/v7-m/nofp/libnosys.a
END GROUP
                0x20005000                        _estack = (ORIGIN (RAM) + LENGTH (RAM))

.isr_vector     0x08000000       0xec
                0x08000000                        . = ALIGN (0x4)
 *(.isr_vector)
 .isr_vector    0x08000000       0xec build/startup_stm32f103.o
                0x08000000                g_pfnVectorTable
                0x080000ec                        . = ALIGN (0x4)

.text           0x080000ec       0xa8
                0x080000ec                        . = ALIGN (0x4)
 *(.text)
 *(.text*)
 .text.SysTick_Handler
                0x080000ec       0x10 build/main.o
                0x080000ec                SysTick_Handler
 .text.startup.main
                0x080000fc       0x54 build/main.o
                0x080000fc                main
 .text.Reset_Handler
                0x08000150       0x40 build/startup_stm32f103.o
                0x08000150                Reset_Handler
 .text.Default_Handler
                0x08000190        0x2 build/startup_stm32f103.o
                0x08000190                EXTI2_IRQHandler
                0x08000190                DebugMon_Handler
                0x08000190                TIM1_CC_IRQHandler
                0x08000190                HardFault_Handler
                0x08000190                PVD_IRQHandler
                0x08000190                PendSV_Handler
                0x08000190                NMI_Handler
                0x08000190                EXTI3_IRQHandler
                0x08000190                EXTI0_IRQHandler
                0x08000190                I2C2_EV_IRQHandler
                0x08000190                UsageFault_Handler
                0x08000190                ADC1_2_IRQHandler
                0x08000190                SPI1_IRQHandler
                0x08000190                TAMPER_IRQHandler
                0x08000190                DMA1_Channel4_IRQHandler
                0x08000190                USART3_IRQHandler
                0x08000190                RTC_IRQHandler
                0x08000190                DMA1_Channel7_IRQHandler
                0x08000190                CAN1_RX1_IRQHandler
                0x08000190                TIM4_IRQHandler
                0x08000190                I2C1_EV_IRQHandler
                0x08000190                DMA1_Channel6_IRQHandler
                0x08000190                TIM3_IRQHandler
                0x08000190                RCC_IRQHandler
                0x08000190                TIM1_TRG_COM_IRQHandler
                0x08000190                DMA1_Channel1_IRQHandler
                0x08000190                EXTI15_10_IRQHandler
                0x08000190                EXTI9_5_IRQHandler
                0x08000190                SPI2_IRQHandler
                0x08000190                MemManage_Handler
                0x08000190                SVC_Handler
                0x08000190                DMA1_Channel5_IRQHandler
                0x08000190                EXTI4_IRQHandler
                0x08000190                USB_LP_CAN1_RX0_IRQHandler
                0x08000190                USB_HP_CAN1_TX_IRQHandler
                0x08000190                DMA1_Channel3_IRQHandler
                0x08000190                TIM1_UP_IRQHandler
                0x08000190                WWDG_IRQHandler
                0x08000190                TIM2_IRQHandler
                0x08000190                TIM1_BRK_IRQHandler
                0x08000190                EXTI1_IRQHandler
                0x08000190                RTCAlarm_IRQHandler
                0x08000190                USART2_IRQHandler
                0x08000190                I2C2_ER_IRQHandler
                0x08000190                DMA1_Channel2_IRQHandler
                0x08000190                CAN1_SCE_IRQHandler
                0x08000190                FLASH_IRQHandler
                0x08000190                BusFault_Handler
                0x08000190                USART1_IRQHandler
                0x08000190                I2C1_ER_IRQHandler
                0x08000190                USBWakeUp_IRQHandler
 *(.rodata)
 *(.rodata*)
                0x08000194                        . = ALIGN (0x4)
 *fill*         0x08000192        0x2 

.glue_7         0x08000194        0x0
 .glue_7        0x08000194        0x0 linker stubs

.glue_7t        0x08000194        0x0
 .glue_7t       0x08000194        0x0 linker stubs

.vfp11_veneer   0x08000194        0x0
 .vfp11_veneer  0x08000194        0x0 linker stubs

.v4_bx          0x08000194        0x0
 .v4_bx         0x08000194        0x0 linker stubs

.iplt           0x08000194        0x0
 .iplt          0x08000194        0x0 build/main.o

.rel.dyn        0x08000194        0x0
 .rel.iplt      0x08000194        0x0 build/main.o

.data           0x20000000        0x0 load address 0x08000194
                0x20000000                        . = ALIGN (0x4)
                0x20000000                        _sdata = .
 *(.data)
 *(.data*)
                0x20000000                        . = ALIGN (0x4)
                0x20000000                        _edata = .
                0x08000194                        _sidata = LOADADDR (.data)

.igot.plt       0x20000000        0x0 load address 0x08000194
 .igot.plt      0x20000000        0x0 build/main.o

.bss            0x20000000        0x4 load address 0x08000194
                0x20000000                        . = ALIGN (0x4)
                0x20000000                        _sbss = .
 *(.bss)
 *(.bss*)
 .bss.g_msticks
                0x20000000        0x4 build/main.o
 *(COMMON)
                0x20000004                        . = ALIGN (0x4)
                0x20000004                        _ebss = .
OUTPUT(build/led-blink.elf elf32-littlearm)
LOAD linker stubs

.debug_info     0x00000000      0x257
 .debug_info    0x00000000      0x234 build/main.o
 .debug_info    0x00000234       0x23 build/startup_stm32f103.o

.debug_abbrev   0x00000000      0x133
 .debug_abbrev  0x00000000      0x121 build/main.o
 .debug_abbrev  0x00000121       0x12 build/startup_stm32f103.o

.debug_loclists
                0x00000000       0x17
 .debug_loclists
                0x00000000       0x17 build/main.o

.debug_aranges  0x00000000       0x50
 .debug_aranges
                0x00000000       0x28 build/main.o
 .debug_aranges
                0x00000028       0x28 build/startup_stm32f103.o

.debug_rnglists
                0x00000000       0x3e
 .debug_rnglists
                0x00000000       0x25 build/main.o
 .debug_rnglists
                0x00000025       0x19 build/startup_stm32f103.o

.debug_macro    0x00000000      0xf01
 .debug_macro   0x00000000       0x23 build/main.o
 .debug_macro   0x00000023      0xac0 build/main.o
 .debug_macro   0x00000ae3      0x34e build/main.o
 .debug_macro   0x00000e31       0xd0 build/main.o

.debug_line     0x00000000      0x1cb
 .debug_line    0x00000000      0x158 build/main.o
 .debug_line    0x00000158       0x73 build/startup_stm32f103.o

.debug_str      0x00000000     0x3c1c
 .debug_str     0x00000000     0x3c1c build/main.o
                               0x3d1c (size before relaxing)
 .debug_str     0x00003c1c       0xa9 build/startup_stm32f103.o

.comment        0x00000000       0x26
 .comment       0x00000000       0x26 build/main.o
                                 0x27 (size before relaxing)

.ARM.attributes
                0x00000000       0x2b
 .ARM.attributes
                0x00000000       0x2d build/main.o
 .ARM.attributes
                0x0000002d       0x21 build/startup_stm32f103.o

.debug_frame    0x00000000       0x30
 .debug_frame   0x00000000       0x30 build/main.o

.debug_line_str
                0x00000000       0x9d
 .debug_line_str
                0x00000000       0x9d build/startup_stm32f103.o
